Archive member included to satisfy reference by file (symbol)

/usr/lib/gcc/arm-none-eabi/9.2.1/../../../arm-none-eabi/lib/thumb/v7-m/nofp/libg_nano.a(lib_a-abort.o)
                              gcc/syscalls.o (abort)
/usr/lib/gcc/arm-none-eabi/9.2.1/../../../arm-none-eabi/lib/thumb/v7-m/nofp/libg_nano.a(lib_a-memset.o)
                              gcc/lcd.o (memset)
/usr/lib/gcc/arm-none-eabi/9.2.1/../../../arm-none-eabi/lib/thumb/v7-m/nofp/libg_nano.a(lib_a-reent.o)
                              gcc/syscalls.o (errno)
/usr/lib/gcc/arm-none-eabi/9.2.1/../../../arm-none-eabi/lib/thumb/v7-m/nofp/libg_nano.a(lib_a-signal.o)
                              /usr/lib/gcc/arm-none-eabi/9.2.1/../../../arm-none-eabi/lib/thumb/v7-m/nofp/libg_nano.a(lib_a-abort.o) (raise)
/usr/lib/gcc/arm-none-eabi/9.2.1/../../../arm-none-eabi/lib/thumb/v7-m/nofp/libg_nano.a(lib_a-signalr.o)
                              /usr/lib/gcc/arm-none-eabi/9.2.1/../../../arm-none-eabi/lib/thumb/v7-m/nofp/libg_nano.a(lib_a-signal.o) (_kill_r)
/usr/lib/gcc/arm-none-eabi/9.2.1/../../../arm-none-eabi/lib/thumb/v7-m/nofp/libg_nano.a(lib_a-impure.o)
                              /usr/lib/gcc/arm-none-eabi/9.2.1/../../../arm-none-eabi/lib/thumb/v7-m/nofp/libg_nano.a(lib_a-reent.o) (_impure_ptr)
/usr/lib/gcc/arm-none-eabi/9.2.1/../../../arm-none-eabi/lib/thumb/v7-m/nofp/libg_nano.a(lib_a-nano-freer.o)
                              /usr/lib/gcc/arm-none-eabi/9.2.1/../../../arm-none-eabi/lib/thumb/v7-m/nofp/libg_nano.a(lib_a-reent.o) (_free_r)
/usr/lib/gcc/arm-none-eabi/9.2.1/../../../arm-none-eabi/lib/thumb/v7-m/nofp/libg_nano.a(lib_a-nano-mallocr.o)
                              /usr/lib/gcc/arm-none-eabi/9.2.1/../../../arm-none-eabi/lib/thumb/v7-m/nofp/libg_nano.a(lib_a-signal.o) (_malloc_r)
/usr/lib/gcc/arm-none-eabi/9.2.1/../../../arm-none-eabi/lib/thumb/v7-m/nofp/libg_nano.a(lib_a-sbrkr.o)
                              /usr/lib/gcc/arm-none-eabi/9.2.1/../../../arm-none-eabi/lib/thumb/v7-m/nofp/libg_nano.a(lib_a-nano-mallocr.o) (_sbrk_r)
/usr/lib/gcc/arm-none-eabi/9.2.1/../../../arm-none-eabi/lib/thumb/v7-m/nofp/libg_nano.a(lib_a-mlock.o)
                              /usr/lib/gcc/arm-none-eabi/9.2.1/../../../arm-none-eabi/lib/thumb/v7-m/nofp/libg_nano.a(lib_a-nano-freer.o) (__malloc_lock)

Allocating common symbols
Common symbol       size              file

errno               0x4               /usr/lib/gcc/arm-none-eabi/9.2.1/../../../arm-none-eabi/lib/thumb/v7-m/nofp/libg_nano.a(lib_a-reent.o)
ibuffarea0          0x74              gcc/uart2.o
obuffarea0          0x74              gcc/uart2.o
ibuffarea1          0x74              gcc/uart2.o
obuffarea1          0x74              gcc/uart2.o

Discarded input sections

 .text          0x0000000000000000        0x0 gcc/pwm.o
 .data          0x0000000000000000        0x0 gcc/pwm.o
 .bss           0x0000000000000000        0x0 gcc/pwm.o
 .rodata.GPIOA  0x0000000000000000        0x4 gcc/pwm.o
 .rodata.GPIOB  0x0000000000000000        0x4 gcc/pwm.o
 .rodata.GPIOC  0x0000000000000000        0x4 gcc/pwm.o
 .rodata.GPIOD  0x0000000000000000        0x4 gcc/pwm.o
 .rodata.GPIOE  0x0000000000000000        0x4 gcc/pwm.o
 .rodata.GPIOF  0x0000000000000000        0x4 gcc/pwm.o
 .rodata.GPIO_MODE_DISABLE
                0x0000000000000000        0x4 gcc/pwm.o
 .rodata.GPIO_MODE_INPUT
                0x0000000000000000        0x4 gcc/pwm.o
 .rodata.GPIO_MODE_INPUTPULL
                0x0000000000000000        0x4 gcc/pwm.o
 .rodata.GPIO_MODE_INPUTPULLFILTER
                0x0000000000000000        0x4 gcc/pwm.o
 .rodata.GPIO_MODE_PUSHPULL
                0x0000000000000000        0x4 gcc/pwm.o
 .rodata.GPIO_MODE_PUSHPULLDRIVE
                0x0000000000000000        0x4 gcc/pwm.o
 .rodata.GPIO_MODE_WIREDOR
                0x0000000000000000        0x4 gcc/pwm.o
 .rodata.GPIO_MODE_WIREDORPULLDOWN
                0x0000000000000000        0x4 gcc/pwm.o
 .rodata.GPIO_MODE_WIREDAND
                0x0000000000000000        0x4 gcc/pwm.o
 .rodata.GPIO_MODE_WIREDANDFILTER
                0x0000000000000000        0x4 gcc/pwm.o
 .rodata.GPIO_MODE_WIREDANDPULLUP
                0x0000000000000000        0x4 gcc/pwm.o
 .rodata.GPIO_MODE_WIREDANDPULLUPFILTER
                0x0000000000000000        0x4 gcc/pwm.o
 .rodata.GPIO_MODE_WIREDANDDRIVE
                0x0000000000000000        0x4 gcc/pwm.o
 .rodata.GPIO_MODE_WIREDANDDRIVEFILTER
                0x0000000000000000        0x4 gcc/pwm.o
 .rodata.GPIO_MODE_WIREDANDDRIVEPULLUP
                0x0000000000000000        0x4 gcc/pwm.o
 .rodata.GPIO_MODE_WIREDANDDRIVEPULLUPFILTER
                0x0000000000000000        0x4 gcc/pwm.o
 .rodata.NumberOfTimers
                0x0000000000000000        0x4 gcc/pwm.o
 .text.PWM_Read
                0x0000000000000000       0x26 gcc/pwm.o
 .text          0x0000000000000000        0x0 gcc/buffer.o
 .data          0x0000000000000000        0x0 gcc/buffer.o
 .bss           0x0000000000000000        0x0 gcc/buffer.o
 .text.buffer_clear
                0x0000000000000000       0x2a gcc/buffer.o
 .text          0x0000000000000000        0x0 gcc/system_efm32gg.o
 .data          0x0000000000000000        0x0 gcc/system_efm32gg.o
 .bss           0x0000000000000000        0x0 gcc/system_efm32gg.o
 .text.SystemMaxCoreClockGet
                0x0000000000000000       0x14 gcc/system_efm32gg.o
 .text.SystemHFXOClockGet
                0x0000000000000000       0x14 gcc/system_efm32gg.o
 .text.SystemHFXOClockSet
                0x0000000000000000       0x30 gcc/system_efm32gg.o
 .text.SystemLFRCOClockGet
                0x0000000000000000       0x10 gcc/system_efm32gg.o
 .text.SystemULFRCOClockGet
                0x0000000000000000       0x10 gcc/system_efm32gg.o
 .text.SystemLFXOClockGet
                0x0000000000000000       0x14 gcc/system_efm32gg.o
 .text.SystemLFXOClockSet
                0x0000000000000000       0x30 gcc/system_efm32gg.o
 .text          0x0000000000000000        0x0 gcc/clock_efm32gg2.o
 .data          0x0000000000000000        0x0 gcc/clock_efm32gg2.o
 .bss           0x0000000000000000        0x0 gcc/clock_efm32gg2.o
 .text.ClockSetPrescalers
                0x0000000000000000      0x11c gcc/clock_efm32gg2.o
 .text.ClockSetLFCLKA
                0x0000000000000000      0x12c gcc/clock_efm32gg2.o
 .text.ClockSetLFCLKB
                0x0000000000000000      0x12c gcc/clock_efm32gg2.o
 .text.ClockGetCoreClockFrequency
                0x0000000000000000       0x18 gcc/clock_efm32gg2.o
 .text          0x0000000000000000        0x0 gcc/main.o
 .data          0x0000000000000000        0x0 gcc/main.o
 .bss           0x0000000000000000        0x0 gcc/main.o
 .text          0x0000000000000000        0x0 gcc/button.o
 .data          0x0000000000000000        0x0 gcc/button.o
 .bss           0x0000000000000000        0x0 gcc/button.o
 .rodata.GPIOB  0x0000000000000000        0x4 gcc/button.o
 .text.Button_Read
                0x0000000000000000       0x20 gcc/button.o
 .text.Button_ReadChanges
                0x0000000000000000       0x38 gcc/button.o
 .text.Button_ReadPressed
                0x0000000000000000       0x3c gcc/button.o
 .text          0x0000000000000000        0x0 gcc/startup_efm32gg.o
 .data          0x0000000000000000        0x0 gcc/startup_efm32gg.o
 .bss           0x0000000000000000        0x0 gcc/startup_efm32gg.o
 .text.SystemInit
                0x0000000000000000        0xc gcc/startup_efm32gg.o
 .text._main    0x0000000000000000        0xc gcc/startup_efm32gg.o
 .text          0x0000000000000000        0x0 gcc/lcd.o
 .data          0x0000000000000000        0x0 gcc/lcd.o
 .bss           0x0000000000000000        0x0 gcc/lcd.o
 .rodata.tablcdspecial
                0x0000000000000000       0x44 gcc/lcd.o
 .text.LCD_WriteNumericDisplay
                0x0000000000000000       0x4e gcc/lcd.o
 .text.LCD_WriteString
                0x0000000000000000       0x4e gcc/lcd.o
 .text.LCD_WriteSegmentMask
                0x0000000000000000       0x9c gcc/lcd.o
 .text.LCD_WriteSegment2
                0x0000000000000000       0x48 gcc/lcd.o
 .text.LCD_WriteSegment
                0x0000000000000000       0x3c gcc/lcd.o
 .text.LCD_WriteSpecial
                0x0000000000000000      0x268 gcc/lcd.o
 .text.LCD_Freeze
                0x0000000000000000       0x1c gcc/lcd.o
 .text.LCD_Unfreeze
                0x0000000000000000       0x1c gcc/lcd.o
 .text          0x0000000000000000        0x0 gcc/temperature.o
 .data          0x0000000000000000        0x0 gcc/temperature.o
 .bss           0x0000000000000000        0x0 gcc/temperature.o
 .bss.caltemp   0x0000000000000000        0x4 gcc/temperature.o
 .bss.caltempread
                0x0000000000000000        0x4 gcc/temperature.o
 .data.adcthu_num
                0x0000000000000000        0x4 gcc/temperature.o
 .data.adcthu_den
                0x0000000000000000        0x4 gcc/temperature.o
 .text.GetCalibrationValues
                0x0000000000000000       0x34 gcc/temperature.o
 .text.Temperature_Init
                0x0000000000000000       0x1c gcc/temperature.o
 .text.Temperature_GetRawReading
                0x0000000000000000       0x18 gcc/temperature.o
 .text.Temperature_GetUncalibratedValue
                0x0000000000000000       0x3c gcc/temperature.o
 .text.Temperature_GetCalibratedValue
                0x0000000000000000       0x48 gcc/temperature.o
 .debug_info    0x0000000000000000      0x2b8 gcc/temperature.o
 .debug_abbrev  0x0000000000000000      0x119 gcc/temperature.o
 .debug_aranges
                0x0000000000000000       0x40 gcc/temperature.o
 .debug_ranges  0x0000000000000000       0x30 gcc/temperature.o
 .debug_line    0x0000000000000000      0x1ba gcc/temperature.o
 .debug_str     0x0000000000000000      0x319 gcc/temperature.o
 .comment       0x0000000000000000       0x5a gcc/temperature.o
 .debug_frame   0x0000000000000000       0xc0 gcc/temperature.o
 .ARM.attributes
                0x0000000000000000       0x2d gcc/temperature.o
 .text          0x0000000000000000        0x0 gcc/led.o
 .data          0x0000000000000000        0x0 gcc/led.o
 .bss           0x0000000000000000        0x0 gcc/led.o
 .rodata.GPIOE  0x0000000000000000        0x4 gcc/led.o
 .text.LED_On   0x0000000000000000       0x24 gcc/led.o
 .text.LED_Write
                0x0000000000000000       0x2c gcc/led.o
 .text          0x0000000000000000        0x0 gcc/gpio.o
 .data          0x0000000000000000        0x0 gcc/gpio.o
 .bss           0x0000000000000000        0x0 gcc/gpio.o
 .rodata.GPIOA  0x0000000000000000        0x4 gcc/gpio.o
 .rodata.GPIOB  0x0000000000000000        0x4 gcc/gpio.o
 .rodata.GPIOC  0x0000000000000000        0x4 gcc/gpio.o
 .rodata.GPIOD  0x0000000000000000        0x4 gcc/gpio.o
 .rodata.GPIOE  0x0000000000000000        0x4 gcc/gpio.o
 .rodata.GPIOF  0x0000000000000000        0x4 gcc/gpio.o
 .rodata.GPIO_MODE_DISABLE
                0x0000000000000000        0x4 gcc/gpio.o
 .rodata.GPIO_MODE_INPUT
                0x0000000000000000        0x4 gcc/gpio.o
 .rodata.GPIO_MODE_INPUTPULL
                0x0000000000000000        0x4 gcc/gpio.o
 .rodata.GPIO_MODE_INPUTPULLFILTER
                0x0000000000000000        0x4 gcc/gpio.o
 .rodata.GPIO_MODE_PUSHPULL
                0x0000000000000000        0x4 gcc/gpio.o
 .rodata.GPIO_MODE_PUSHPULLDRIVE
                0x0000000000000000        0x4 gcc/gpio.o
 .rodata.GPIO_MODE_WIREDOR
                0x0000000000000000        0x4 gcc/gpio.o
 .rodata.GPIO_MODE_WIREDORPULLDOWN
                0x0000000000000000        0x4 gcc/gpio.o
 .rodata.GPIO_MODE_WIREDAND
                0x0000000000000000        0x4 gcc/gpio.o
 .rodata.GPIO_MODE_WIREDANDFILTER
                0x0000000000000000        0x4 gcc/gpio.o
 .rodata.GPIO_MODE_WIREDANDPULLUP
                0x0000000000000000        0x4 gcc/gpio.o
 .rodata.GPIO_MODE_WIREDANDPULLUPFILTER
                0x0000000000000000        0x4 gcc/gpio.o
 .rodata.GPIO_MODE_WIREDANDDRIVE
                0x0000000000000000        0x4 gcc/gpio.o
 .rodata.GPIO_MODE_WIREDANDDRIVEFILTER
                0x0000000000000000        0x4 gcc/gpio.o
 .rodata.GPIO_MODE_WIREDANDDRIVEPULLUP
                0x0000000000000000        0x4 gcc/gpio.o
 .rodata.GPIO_MODE_WIREDANDDRIVEPULLUPFILTER
                0x0000000000000000        0x4 gcc/gpio.o
 .text.GPIO_ConfigPins
                0x0000000000000000       0xb0 gcc/gpio.o
 .text.GPIO_Init
                0x0000000000000000       0x48 gcc/gpio.o
 .debug_info    0x0000000000000000      0x69e gcc/gpio.o
 .debug_abbrev  0x0000000000000000      0x153 gcc/gpio.o
 .debug_aranges
                0x0000000000000000       0x28 gcc/gpio.o
 .debug_ranges  0x0000000000000000       0x18 gcc/gpio.o
 .debug_line    0x0000000000000000      0x1c3 gcc/gpio.o
 .debug_str     0x0000000000000000      0x552 gcc/gpio.o
 .comment       0x0000000000000000       0x5a gcc/gpio.o
 .debug_frame   0x0000000000000000       0x5c gcc/gpio.o
 .ARM.attributes
                0x0000000000000000       0x2d gcc/gpio.o
 .text          0x0000000000000000        0x0 gcc/uart2.o
 .data          0x0000000000000000        0x0 gcc/uart2.o
 .bss           0x0000000000000000        0x0 gcc/uart2.o
 .rodata.BAUD   0x0000000000000000        0x4 gcc/uart2.o
 .rodata.GPIOE  0x0000000000000000        0x4 gcc/uart2.o
 .rodata.GPIOF  0x0000000000000000        0x4 gcc/uart2.o
 .text.UART_GetStatus
                0x0000000000000000       0x1a gcc/uart2.o
 .text.UART_SendChar
                0x0000000000000000       0xa4 gcc/uart2.o
 .text.UART_SendString
                0x0000000000000000       0x2e gcc/uart2.o
 .text.UART_GetCharNoWait
                0x0000000000000000       0x80 gcc/uart2.o
 .text.UART_GetChar
                0x0000000000000000       0x7c gcc/uart2.o
 .text.UART_EnableInterrupts
                0x0000000000000000       0x40 gcc/uart2.o
 .text.UART_DisableInterrupts
                0x0000000000000000       0x40 gcc/uart2.o
 .text.UART_PutCharPolling
                0x0000000000000000       0x2a gcc/uart2.o
 .text.UART_Flush
                0x0000000000000000       0xd4 gcc/uart2.o
 .text          0x0000000000000000        0x0 gcc/syscalls.o
 .data          0x0000000000000000        0x0 gcc/syscalls.o
 .bss           0x0000000000000000        0x0 gcc/syscalls.o
 .text.SerialWrite
                0x0000000000000000       0x24 gcc/syscalls.o
 .text.SerialRead
                0x0000000000000000       0x1c gcc/syscalls.o
 .text.SerialFlush
                0x0000000000000000       0x1c gcc/syscalls.o
 .data.ttyconfig
                0x0000000000000000        0x4 gcc/syscalls.o
 .text.tty_write
                0x0000000000000000       0x6c gcc/syscalls.o
 .text.tty_read_un
                0x0000000000000000       0x5c gcc/syscalls.o
 .text.tty_read_lb
                0x0000000000000000       0xcc gcc/syscalls.o
 .text._exit    0x0000000000000000        0xa gcc/syscalls.o
 .text._close   0x0000000000000000       0x16 gcc/syscalls.o
 .bss.__env     0x0000000000000000        0x4 gcc/syscalls.o
 .data.environ  0x0000000000000000        0x4 gcc/syscalls.o
 .text._execve  0x0000000000000000       0x24 gcc/syscalls.o
 .text._fork    0x0000000000000000       0x1c gcc/syscalls.o
 .text._fstat   0x0000000000000000       0x1e gcc/syscalls.o
 .text._getpid  0x0000000000000000        0xe gcc/syscalls.o
 .text._isatty  0x0000000000000000       0x14 gcc/syscalls.o
 .text._kill    0x0000000000000000       0x24 gcc/syscalls.o
 .text._link    0x0000000000000000       0x24 gcc/syscalls.o
 .text._lseek   0x0000000000000000       0x18 gcc/syscalls.o
 .text._open    0x0000000000000000       0x1a gcc/syscalls.o
 .text._read    0x0000000000000000       0x40 gcc/syscalls.o
 .bss.heap_end.6721
                0x0000000000000000        0x4 gcc/syscalls.o
 .rodata        0x0000000000000000       0x1a gcc/syscalls.o
 .text._sbrk    0x0000000000000000       0x60 gcc/syscalls.o
 .text._stat    0x0000000000000000       0x1e gcc/syscalls.o
 .text._times   0x0000000000000000       0x16 gcc/syscalls.o
 .text._unlink  0x0000000000000000       0x20 gcc/syscalls.o
 .text._wait    0x0000000000000000       0x20 gcc/syscalls.o
 .text._write   0x0000000000000000       0x20 gcc/syscalls.o
 .text          0x0000000000000000        0x0 gcc/adc.o
 .data          0x0000000000000000        0x0 gcc/adc.o
 .bss           0x0000000000000000        0x0 gcc/adc.o
 .rodata.default_singlectrl
                0x0000000000000000       0x54 gcc/adc.o
 .bss.singlectrl
                0x0000000000000000       0x54 gcc/adc.o
 .bss.adc_cal   0x0000000000000000        0x4 gcc/adc.o
 .bss.adc_bias  0x0000000000000000        0x4 gcc/adc.o
 .bss.cal_gain_1v25
                0x0000000000000000        0x4 gcc/adc.o
 .bss.cal_offset_1v25
                0x0000000000000000        0x4 gcc/adc.o
 .bss.cal_gain_2v5
                0x0000000000000000        0x4 gcc/adc.o
 .bss.cal_offset_2v5
                0x0000000000000000        0x4 gcc/adc.o
 .bss.cal_gain_vdd
                0x0000000000000000        0x4 gcc/adc.o
 .bss.cal_offset_vdd
                0x0000000000000000        0x4 gcc/adc.o
 .bss.cal_gain_5v
                0x0000000000000000        0x4 gcc/adc.o
 .bss.cal_offset_5v
                0x0000000000000000        0x4 gcc/adc.o
 .bss.cal_gain_2xvdd
                0x0000000000000000        0x4 gcc/adc.o
 .bss.cal_offset_2xvdd
                0x0000000000000000        0x4 gcc/adc.o
 .text.GetCalibrationValues
                0x0000000000000000       0xe0 gcc/adc.o
 .text.ADC_Init
                0x0000000000000000      0x11c gcc/adc.o
 .text.ADC_ConfigChannel
                0x0000000000000000       0xd4 gcc/adc.o
 .text.ADC_Read
                0x0000000000000000       0x1e gcc/adc.o
 .text.ADC_StartReading
                0x0000000000000000       0x58 gcc/adc.o
 .text.ADC_GetReading
                0x0000000000000000       0x38 gcc/adc.o
 .text          0x0000000000000000       0x10 /usr/lib/gcc/arm-none-eabi/9.2.1/../../../arm-none-eabi/lib/thumb/v7-m/nofp/libg_nano.a(lib_a-abort.o)
 .data          0x0000000000000000        0x0 /usr/lib/gcc/arm-none-eabi/9.2.1/../../../arm-none-eabi/lib/thumb/v7-m/nofp/libg_nano.a(lib_a-abort.o)
 .bss           0x0000000000000000        0x0 /usr/lib/gcc/arm-none-eabi/9.2.1/../../../arm-none-eabi/lib/thumb/v7-m/nofp/libg_nano.a(lib_a-abort.o)
 .debug_info    0x0000000000000000      0x9b5 /usr/lib/gcc/arm-none-eabi/9.2.1/../../../arm-none-eabi/lib/thumb/v7-m/nofp/libg_nano.a(lib_a-abort.o)
 .debug_abbrev  0x0000000000000000      0x1cd /usr/lib/gcc/arm-none-eabi/9.2.1/../../../arm-none-eabi/lib/thumb/v7-m/nofp/libg_nano.a(lib_a-abort.o)
 .debug_aranges
                0x0000000000000000       0x20 /usr/lib/gcc/arm-none-eabi/9.2.1/../../../arm-none-eabi/lib/thumb/v7-m/nofp/libg_nano.a(lib_a-abort.o)
 .debug_line    0x0000000000000000      0x15f /usr/lib/gcc/arm-none-eabi/9.2.1/../../../arm-none-eabi/lib/thumb/v7-m/nofp/libg_nano.a(lib_a-abort.o)
 .debug_str     0x0000000000000000      0x618 /usr/lib/gcc/arm-none-eabi/9.2.1/../../../arm-none-eabi/lib/thumb/v7-m/nofp/libg_nano.a(lib_a-abort.o)
 .comment       0x0000000000000000       0x4f /usr/lib/gcc/arm-none-eabi/9.2.1/../../../arm-none-eabi/lib/thumb/v7-m/nofp/libg_nano.a(lib_a-abort.o)
 .debug_frame   0x0000000000000000       0x28 /usr/lib/gcc/arm-none-eabi/9.2.1/../../../arm-none-eabi/lib/thumb/v7-m/nofp/libg_nano.a(lib_a-abort.o)
 .ARM.attributes
                0x0000000000000000       0x2d /usr/lib/gcc/arm-none-eabi/9.2.1/../../../arm-none-eabi/lib/thumb/v7-m/nofp/libg_nano.a(lib_a-abort.o)
 .data          0x0000000000000000        0x0 /usr/lib/gcc/arm-none-eabi/9.2.1/../../../arm-none-eabi/lib/thumb/v7-m/nofp/libg_nano.a(lib_a-memset.o)
 .bss           0x0000000000000000        0x0 /usr/lib/gcc/arm-none-eabi/9.2.1/../../../arm-none-eabi/lib/thumb/v7-m/nofp/libg_nano.a(lib_a-memset.o)
 .text          0x0000000000000000       0xe8 /usr/lib/gcc/arm-none-eabi/9.2.1/../../../arm-none-eabi/lib/thumb/v7-m/nofp/libg_nano.a(lib_a-reent.o)
 .data          0x0000000000000000        0x0 /usr/lib/gcc/arm-none-eabi/9.2.1/../../../arm-none-eabi/lib/thumb/v7-m/nofp/libg_nano.a(lib_a-reent.o)
 .bss           0x0000000000000000        0x0 /usr/lib/gcc/arm-none-eabi/9.2.1/../../../arm-none-eabi/lib/thumb/v7-m/nofp/libg_nano.a(lib_a-reent.o)
 .debug_info    0x0000000000000000      0xb0f /usr/lib/gcc/arm-none-eabi/9.2.1/../../../arm-none-eabi/lib/thumb/v7-m/nofp/libg_nano.a(lib_a-reent.o)
 .debug_abbrev  0x0000000000000000      0x268 /usr/lib/gcc/arm-none-eabi/9.2.1/../../../arm-none-eabi/lib/thumb/v7-m/nofp/libg_nano.a(lib_a-reent.o)
 .debug_loc     0x0000000000000000      0x135 /usr/lib/gcc/arm-none-eabi/9.2.1/../../../arm-none-eabi/lib/thumb/v7-m/nofp/libg_nano.a(lib_a-reent.o)
 .debug_aranges
                0x0000000000000000       0x20 /usr/lib/gcc/arm-none-eabi/9.2.1/../../../arm-none-eabi/lib/thumb/v7-m/nofp/libg_nano.a(lib_a-reent.o)
 .debug_line    0x0000000000000000      0x275 /usr/lib/gcc/arm-none-eabi/9.2.1/../../../arm-none-eabi/lib/thumb/v7-m/nofp/libg_nano.a(lib_a-reent.o)
 .debug_str     0x0000000000000000      0x616 /usr/lib/gcc/arm-none-eabi/9.2.1/../../../arm-none-eabi/lib/thumb/v7-m/nofp/libg_nano.a(lib_a-reent.o)
 .comment       0x0000000000000000       0x4f /usr/lib/gcc/arm-none-eabi/9.2.1/../../../arm-none-eabi/lib/thumb/v7-m/nofp/libg_nano.a(lib_a-reent.o)
 .debug_frame   0x0000000000000000       0x6c /usr/lib/gcc/arm-none-eabi/9.2.1/../../../arm-none-eabi/lib/thumb/v7-m/nofp/libg_nano.a(lib_a-reent.o)
 .ARM.attributes
                0x0000000000000000       0x2d /usr/lib/gcc/arm-none-eabi/9.2.1/../../../arm-none-eabi/lib/thumb/v7-m/nofp/libg_nano.a(lib_a-reent.o)
 COMMON         0x0000000000000000        0x4 /usr/lib/gcc/arm-none-eabi/9.2.1/../../../arm-none-eabi/lib/thumb/v7-m/nofp/libg_nano.a(lib_a-reent.o)
 .text          0x0000000000000000      0x150 /usr/lib/gcc/arm-none-eabi/9.2.1/../../../arm-none-eabi/lib/thumb/v7-m/nofp/libg_nano.a(lib_a-signal.o)
 .data          0x0000000000000000        0x0 /usr/lib/gcc/arm-none-eabi/9.2.1/../../../arm-none-eabi/lib/thumb/v7-m/nofp/libg_nano.a(lib_a-signal.o)
 .bss           0x0000000000000000        0x0 /usr/lib/gcc/arm-none-eabi/9.2.1/../../../arm-none-eabi/lib/thumb/v7-m/nofp/libg_nano.a(lib_a-signal.o)
 .debug_info    0x0000000000000000      0xd5c /usr/lib/gcc/arm-none-eabi/9.2.1/../../../arm-none-eabi/lib/thumb/v7-m/nofp/libg_nano.a(lib_a-signal.o)
 .debug_abbrev  0x0000000000000000      0x32d /usr/lib/gcc/arm-none-eabi/9.2.1/../../../arm-none-eabi/lib/thumb/v7-m/nofp/libg_nano.a(lib_a-signal.o)
 .debug_loc     0x0000000000000000      0x55d /usr/lib/gcc/arm-none-eabi/9.2.1/../../../arm-none-eabi/lib/thumb/v7-m/nofp/libg_nano.a(lib_a-signal.o)
 .debug_aranges
                0x0000000000000000       0x20 /usr/lib/gcc/arm-none-eabi/9.2.1/../../../arm-none-eabi/lib/thumb/v7-m/nofp/libg_nano.a(lib_a-signal.o)
 .debug_ranges  0x0000000000000000       0x30 /usr/lib/gcc/arm-none-eabi/9.2.1/../../../arm-none-eabi/lib/thumb/v7-m/nofp/libg_nano.a(lib_a-signal.o)
 .debug_line    0x0000000000000000      0x3dc /usr/lib/gcc/arm-none-eabi/9.2.1/../../../arm-none-eabi/lib/thumb/v7-m/nofp/libg_nano.a(lib_a-signal.o)
 .debug_str     0x0000000000000000      0x67d /usr/lib/gcc/arm-none-eabi/9.2.1/../../../arm-none-eabi/lib/thumb/v7-m/nofp/libg_nano.a(lib_a-signal.o)
 .comment       0x0000000000000000       0x4f /usr/lib/gcc/arm-none-eabi/9.2.1/../../../arm-none-eabi/lib/thumb/v7-m/nofp/libg_nano.a(lib_a-signal.o)
 .debug_frame   0x0000000000000000       0xe0 /usr/lib/gcc/arm-none-eabi/9.2.1/../../../arm-none-eabi/lib/thumb/v7-m/nofp/libg_nano.a(lib_a-signal.o)
 .ARM.attributes
                0x0000000000000000       0x2d /usr/lib/gcc/arm-none-eabi/9.2.1/../../../arm-none-eabi/lib/thumb/v7-m/nofp/libg_nano.a(lib_a-signal.o)
 .text          0x0000000000000000       0x2c /usr/lib/gcc/arm-none-eabi/9.2.1/../../../arm-none-eabi/lib/thumb/v7-m/nofp/libg_nano.a(lib_a-signalr.o)
 .data          0x0000000000000000        0x0 /usr/lib/gcc/arm-none-eabi/9.2.1/../../../arm-none-eabi/lib/thumb/v7-m/nofp/libg_nano.a(lib_a-signalr.o)
 .bss           0x0000000000000000        0x0 /usr/lib/gcc/arm-none-eabi/9.2.1/../../../arm-none-eabi/lib/thumb/v7-m/nofp/libg_nano.a(lib_a-signalr.o)
 .debug_info    0x0000000000000000      0xa43 /usr/lib/gcc/arm-none-eabi/9.2.1/../../../arm-none-eabi/lib/thumb/v7-m/nofp/libg_nano.a(lib_a-signalr.o)
 .debug_abbrev  0x0000000000000000      0x217 /usr/lib/gcc/arm-none-eabi/9.2.1/../../../arm-none-eabi/lib/thumb/v7-m/nofp/libg_nano.a(lib_a-signalr.o)
 .debug_loc     0x0000000000000000       0xc3 /usr/lib/gcc/arm-none-eabi/9.2.1/../../../arm-none-eabi/lib/thumb/v7-m/nofp/libg_nano.a(lib_a-signalr.o)
 .debug_aranges
                0x0000000000000000       0x20 /usr/lib/gcc/arm-none-eabi/9.2.1/../../../arm-none-eabi/lib/thumb/v7-m/nofp/libg_nano.a(lib_a-signalr.o)
 .debug_line    0x0000000000000000      0x1a3 /usr/lib/gcc/arm-none-eabi/9.2.1/../../../arm-none-eabi/lib/thumb/v7-m/nofp/libg_nano.a(lib_a-signalr.o)
 .debug_str     0x0000000000000000      0x622 /usr/lib/gcc/arm-none-eabi/9.2.1/../../../arm-none-eabi/lib/thumb/v7-m/nofp/libg_nano.a(lib_a-signalr.o)
 .comment       0x0000000000000000       0x4f /usr/lib/gcc/arm-none-eabi/9.2.1/../../../arm-none-eabi/lib/thumb/v7-m/nofp/libg_nano.a(lib_a-signalr.o)
 .debug_frame   0x0000000000000000       0x3c /usr/lib/gcc/arm-none-eabi/9.2.1/../../../arm-none-eabi/lib/thumb/v7-m/nofp/libg_nano.a(lib_a-signalr.o)
 .ARM.attributes
                0x0000000000000000       0x2d /usr/lib/gcc/arm-none-eabi/9.2.1/../../../arm-none-eabi/lib/thumb/v7-m/nofp/libg_nano.a(lib_a-signalr.o)
 .text          0x0000000000000000        0x0 /usr/lib/gcc/arm-none-eabi/9.2.1/../../../arm-none-eabi/lib/thumb/v7-m/nofp/libg_nano.a(lib_a-impure.o)
 .data          0x0000000000000000       0x64 /usr/lib/gcc/arm-none-eabi/9.2.1/../../../arm-none-eabi/lib/thumb/v7-m/nofp/libg_nano.a(lib_a-impure.o)
 .bss           0x0000000000000000        0x0 /usr/lib/gcc/arm-none-eabi/9.2.1/../../../arm-none-eabi/lib/thumb/v7-m/nofp/libg_nano.a(lib_a-impure.o)
 .rodata        0x0000000000000000        0x4 /usr/lib/gcc/arm-none-eabi/9.2.1/../../../arm-none-eabi/lib/thumb/v7-m/nofp/libg_nano.a(lib_a-impure.o)
 .debug_info    0x0000000000000000      0x92a /usr/lib/gcc/arm-none-eabi/9.2.1/../../../arm-none-eabi/lib/thumb/v7-m/nofp/libg_nano.a(lib_a-impure.o)
 .debug_abbrev  0x0000000000000000      0x17a /usr/lib/gcc/arm-none-eabi/9.2.1/../../../arm-none-eabi/lib/thumb/v7-m/nofp/libg_nano.a(lib_a-impure.o)
 .debug_aranges
                0x0000000000000000       0x18 /usr/lib/gcc/arm-none-eabi/9.2.1/../../../arm-none-eabi/lib/thumb/v7-m/nofp/libg_nano.a(lib_a-impure.o)
 .debug_line    0x0000000000000000       0xe3 /usr/lib/gcc/arm-none-eabi/9.2.1/../../../arm-none-eabi/lib/thumb/v7-m/nofp/libg_nano.a(lib_a-impure.o)
 .debug_str     0x0000000000000000      0x5da /usr/lib/gcc/arm-none-eabi/9.2.1/../../../arm-none-eabi/lib/thumb/v7-m/nofp/libg_nano.a(lib_a-impure.o)
 .comment       0x0000000000000000       0x4f /usr/lib/gcc/arm-none-eabi/9.2.1/../../../arm-none-eabi/lib/thumb/v7-m/nofp/libg_nano.a(lib_a-impure.o)
 .ARM.attributes
                0x0000000000000000       0x2d /usr/lib/gcc/arm-none-eabi/9.2.1/../../../arm-none-eabi/lib/thumb/v7-m/nofp/libg_nano.a(lib_a-impure.o)
 .text          0x0000000000000000       0xa8 /usr/lib/gcc/arm-none-eabi/9.2.1/../../../arm-none-eabi/lib/thumb/v7-m/nofp/libg_nano.a(lib_a-nano-freer.o)
 .data          0x0000000000000000        0x0 /usr/lib/gcc/arm-none-eabi/9.2.1/../../../arm-none-eabi/lib/thumb/v7-m/nofp/libg_nano.a(lib_a-nano-freer.o)
 .bss           0x0000000000000000        0x0 /usr/lib/gcc/arm-none-eabi/9.2.1/../../../arm-none-eabi/lib/thumb/v7-m/nofp/libg_nano.a(lib_a-nano-freer.o)
 .debug_info    0x0000000000000000      0xb85 /usr/lib/gcc/arm-none-eabi/9.2.1/../../../arm-none-eabi/lib/thumb/v7-m/nofp/libg_nano.a(lib_a-nano-freer.o)
 .debug_abbrev  0x0000000000000000      0x286 /usr/lib/gcc/arm-none-eabi/9.2.1/../../../arm-none-eabi/lib/thumb/v7-m/nofp/libg_nano.a(lib_a-nano-freer.o)
 .debug_loc     0x0000000000000000      0x1f7 /usr/lib/gcc/arm-none-eabi/9.2.1/../../../arm-none-eabi/lib/thumb/v7-m/nofp/libg_nano.a(lib_a-nano-freer.o)
 .debug_aranges
                0x0000000000000000       0x20 /usr/lib/gcc/arm-none-eabi/9.2.1/../../../arm-none-eabi/lib/thumb/v7-m/nofp/libg_nano.a(lib_a-nano-freer.o)
 .debug_ranges  0x0000000000000000       0x18 /usr/lib/gcc/arm-none-eabi/9.2.1/../../../arm-none-eabi/lib/thumb/v7-m/nofp/libg_nano.a(lib_a-nano-freer.o)
 .debug_line    0x0000000000000000      0x29d /usr/lib/gcc/arm-none-eabi/9.2.1/../../../arm-none-eabi/lib/thumb/v7-m/nofp/libg_nano.a(lib_a-nano-freer.o)
 .debug_str     0x0000000000000000      0x70a /usr/lib/gcc/arm-none-eabi/9.2.1/../../../arm-none-eabi/lib/thumb/v7-m/nofp/libg_nano.a(lib_a-nano-freer.o)
 .comment       0x0000000000000000       0x4f /usr/lib/gcc/arm-none-eabi/9.2.1/../../../arm-none-eabi/lib/thumb/v7-m/nofp/libg_nano.a(lib_a-nano-freer.o)
 .debug_frame   0x0000000000000000       0x58 /usr/lib/gcc/arm-none-eabi/9.2.1/../../../arm-none-eabi/lib/thumb/v7-m/nofp/libg_nano.a(lib_a-nano-freer.o)
 .ARM.attributes
                0x0000000000000000       0x2d /usr/lib/gcc/arm-none-eabi/9.2.1/../../../arm-none-eabi/lib/thumb/v7-m/nofp/libg_nano.a(lib_a-nano-freer.o)
 .text          0x0000000000000000       0xc8 /usr/lib/gcc/arm-none-eabi/9.2.1/../../../arm-none-eabi/lib/thumb/v7-m/nofp/libg_nano.a(lib_a-nano-mallocr.o)
 .data          0x0000000000000000        0x0 /usr/lib/gcc/arm-none-eabi/9.2.1/../../../arm-none-eabi/lib/thumb/v7-m/nofp/libg_nano.a(lib_a-nano-mallocr.o)
 .bss           0x0000000000000000        0x8 /usr/lib/gcc/arm-none-eabi/9.2.1/../../../arm-none-eabi/lib/thumb/v7-m/nofp/libg_nano.a(lib_a-nano-mallocr.o)
 .debug_info    0x0000000000000000      0xc5a /usr/lib/gcc/arm-none-eabi/9.2.1/../../../arm-none-eabi/lib/thumb/v7-m/nofp/libg_nano.a(lib_a-nano-mallocr.o)
 .debug_abbrev  0x0000000000000000      0x2d1 /usr/lib/gcc/arm-none-eabi/9.2.1/../../../arm-none-eabi/lib/thumb/v7-m/nofp/libg_nano.a(lib_a-nano-mallocr.o)
 .debug_loc     0x0000000000000000      0x424 /usr/lib/gcc/arm-none-eabi/9.2.1/../../../arm-none-eabi/lib/thumb/v7-m/nofp/libg_nano.a(lib_a-nano-mallocr.o)
 .debug_aranges
                0x0000000000000000       0x20 /usr/lib/gcc/arm-none-eabi/9.2.1/../../../arm-none-eabi/lib/thumb/v7-m/nofp/libg_nano.a(lib_a-nano-mallocr.o)
 .debug_ranges  0x0000000000000000       0x38 /usr/lib/gcc/arm-none-eabi/9.2.1/../../../arm-none-eabi/lib/thumb/v7-m/nofp/libg_nano.a(lib_a-nano-mallocr.o)
 .debug_line    0x0000000000000000      0x2f0 /usr/lib/gcc/arm-none-eabi/9.2.1/../../../arm-none-eabi/lib/thumb/v7-m/nofp/libg_nano.a(lib_a-nano-mallocr.o)
 .debug_str     0x0000000000000000      0x721 /usr/lib/gcc/arm-none-eabi/9.2.1/../../../arm-none-eabi/lib/thumb/v7-m/nofp/libg_nano.a(lib_a-nano-mallocr.o)
 .comment       0x0000000000000000       0x4f /usr/lib/gcc/arm-none-eabi/9.2.1/../../../arm-none-eabi/lib/thumb/v7-m/nofp/libg_nano.a(lib_a-nano-mallocr.o)
 .debug_frame   0x0000000000000000       0x30 /usr/lib/gcc/arm-none-eabi/9.2.1/../../../arm-none-eabi/lib/thumb/v7-m/nofp/libg_nano.a(lib_a-nano-mallocr.o)
 .ARM.attributes
                0x0000000000000000       0x2d /usr/lib/gcc/arm-none-eabi/9.2.1/../../../arm-none-eabi/lib/thumb/v7-m/nofp/libg_nano.a(lib_a-nano-mallocr.o)
 .text          0x0000000000000000       0x24 /usr/lib/gcc/arm-none-eabi/9.2.1/../../../arm-none-eabi/lib/thumb/v7-m/nofp/libg_nano.a(lib_a-sbrkr.o)
 .data          0x0000000000000000        0x0 /usr/lib/gcc/arm-none-eabi/9.2.1/../../../arm-none-eabi/lib/thumb/v7-m/nofp/libg_nano.a(lib_a-sbrkr.o)
 .bss           0x0000000000000000        0x0 /usr/lib/gcc/arm-none-eabi/9.2.1/../../../arm-none-eabi/lib/thumb/v7-m/nofp/libg_nano.a(lib_a-sbrkr.o)
 .debug_info    0x0000000000000000      0x9fb /usr/lib/gcc/arm-none-eabi/9.2.1/../../../arm-none-eabi/lib/thumb/v7-m/nofp/libg_nano.a(lib_a-sbrkr.o)
 .debug_abbrev  0x0000000000000000      0x212 /usr/lib/gcc/arm-none-eabi/9.2.1/../../../arm-none-eabi/lib/thumb/v7-m/nofp/libg_nano.a(lib_a-sbrkr.o)
 .debug_loc     0x0000000000000000       0x6c /usr/lib/gcc/arm-none-eabi/9.2.1/../../../arm-none-eabi/lib/thumb/v7-m/nofp/libg_nano.a(lib_a-sbrkr.o)
 .debug_aranges
                0x0000000000000000       0x20 /usr/lib/gcc/arm-none-eabi/9.2.1/../../../arm-none-eabi/lib/thumb/v7-m/nofp/libg_nano.a(lib_a-sbrkr.o)
 .debug_line    0x0000000000000000      0x182 /usr/lib/gcc/arm-none-eabi/9.2.1/../../../arm-none-eabi/lib/thumb/v7-m/nofp/libg_nano.a(lib_a-sbrkr.o)
 .debug_str     0x0000000000000000      0x61d /usr/lib/gcc/arm-none-eabi/9.2.1/../../../arm-none-eabi/lib/thumb/v7-m/nofp/libg_nano.a(lib_a-sbrkr.o)
 .comment       0x0000000000000000       0x4f /usr/lib/gcc/arm-none-eabi/9.2.1/../../../arm-none-eabi/lib/thumb/v7-m/nofp/libg_nano.a(lib_a-sbrkr.o)
 .debug_frame   0x0000000000000000       0x2c /usr/lib/gcc/arm-none-eabi/9.2.1/../../../arm-none-eabi/lib/thumb/v7-m/nofp/libg_nano.a(lib_a-sbrkr.o)
 .ARM.attributes
                0x0000000000000000       0x2d /usr/lib/gcc/arm-none-eabi/9.2.1/../../../arm-none-eabi/lib/thumb/v7-m/nofp/libg_nano.a(lib_a-sbrkr.o)
 .text          0x0000000000000000        0x8 /usr/lib/gcc/arm-none-eabi/9.2.1/../../../arm-none-eabi/lib/thumb/v7-m/nofp/libg_nano.a(lib_a-mlock.o)
 .data          0x0000000000000000        0x0 /usr/lib/gcc/arm-none-eabi/9.2.1/../../../arm-none-eabi/lib/thumb/v7-m/nofp/libg_nano.a(lib_a-mlock.o)
 .bss           0x0000000000000000        0x0 /usr/lib/gcc/arm-none-eabi/9.2.1/../../../arm-none-eabi/lib/thumb/v7-m/nofp/libg_nano.a(lib_a-mlock.o)
 .debug_info    0x0000000000000000      0x961 /usr/lib/gcc/arm-none-eabi/9.2.1/../../../arm-none-eabi/lib/thumb/v7-m/nofp/libg_nano.a(lib_a-mlock.o)
 .debug_abbrev  0x0000000000000000      0x1c5 /usr/lib/gcc/arm-none-eabi/9.2.1/../../../arm-none-eabi/lib/thumb/v7-m/nofp/libg_nano.a(lib_a-mlock.o)
 .debug_aranges
                0x0000000000000000       0x20 /usr/lib/gcc/arm-none-eabi/9.2.1/../../../arm-none-eabi/lib/thumb/v7-m/nofp/libg_nano.a(lib_a-mlock.o)
 .debug_line    0x0000000000000000      0x13d /usr/lib/gcc/arm-none-eabi/9.2.1/../../../arm-none-eabi/lib/thumb/v7-m/nofp/libg_nano.a(lib_a-mlock.o)
 .debug_str     0x0000000000000000      0x606 /usr/lib/gcc/arm-none-eabi/9.2.1/../../../arm-none-eabi/lib/thumb/v7-m/nofp/libg_nano.a(lib_a-mlock.o)
 .comment       0x0000000000000000       0x4f /usr/lib/gcc/arm-none-eabi/9.2.1/../../../arm-none-eabi/lib/thumb/v7-m/nofp/libg_nano.a(lib_a-mlock.o)
 .debug_frame   0x0000000000000000       0x30 /usr/lib/gcc/arm-none-eabi/9.2.1/../../../arm-none-eabi/lib/thumb/v7-m/nofp/libg_nano.a(lib_a-mlock.o)
 .ARM.attributes
                0x0000000000000000       0x2d /usr/lib/gcc/arm-none-eabi/9.2.1/../../../arm-none-eabi/lib/thumb/v7-m/nofp/libg_nano.a(lib_a-mlock.o)

Memory Configuration

Name             Origin             Length             Attributes
FLASH            0x0000000000000000 0x0000000000100000 xr
RAM              0x0000000020000000 0x0000000000020000 xrw
*default*        0x0000000000000000 0xffffffffffffffff

Linker script and memory map

LOAD gcc/pwm.o
LOAD gcc/buffer.o
LOAD gcc/system_efm32gg.o
LOAD gcc/clock_efm32gg2.o
LOAD gcc/main.o
LOAD gcc/button.o
LOAD gcc/startup_efm32gg.o
LOAD gcc/lcd.o
LOAD gcc/temperature.o
LOAD gcc/led.o
LOAD gcc/gpio.o
LOAD gcc/uart2.o
LOAD gcc/syscalls.o
LOAD gcc/adc.o
START GROUP
LOAD /usr/lib/gcc/arm-none-eabi/9.2.1/thumb/v7-m/nofp/libgcc.a
LOAD /usr/lib/gcc/arm-none-eabi/9.2.1/../../../arm-none-eabi/lib/thumb/v7-m/nofp/libg_nano.a
LOAD /usr/lib/gcc/arm-none-eabi/9.2.1/../../../arm-none-eabi/lib/thumb/v7-m/nofp/libc_nano.a
END GROUP
START GROUP
LOAD /usr/lib/gcc/arm-none-eabi/9.2.1/thumb/v7-m/nofp/libgcc.a
LOAD /usr/lib/gcc/arm-none-eabi/9.2.1/../../../arm-none-eabi/lib/thumb/v7-m/nofp/libc_nano.a
END GROUP
                0x0000000000001000                HEAPSIZE = 0x1000

.text           0x0000000000000000     0x2d7c
 *(.vectors)
 .vectors       0x0000000000000000       0xdc gcc/startup_efm32gg.o
                0x0000000000000000                __Vectors
                0x00000000000000dc                __Vectors_End = .
                0x00000000000000dc                __Vectors_Size = (__Vectors_End - __Vectors)
                0x00000000200002b8                __end__ = .
 *(.text*)
 .text.PWM_Start
                0x00000000000000dc       0x18 gcc/pwm.o
                0x00000000000000dc                PWM_Start
 .text.PWM_Stop
                0x00000000000000f4       0x18 gcc/pwm.o
                0x00000000000000f4                PWM_Stop
 .text.FindTimerIndex
                0x000000000000010c       0x50 gcc/pwm.o
 .text.EnableTimerClock
                0x000000000000015c       0x58 gcc/pwm.o
 .text.finddivencoding
                0x00000000000001b4       0x32 gcc/pwm.o
 .text.PWM_Write
                0x00000000000001e6       0x26 gcc/pwm.o
                0x00000000000001e6                PWM_Write
 .text.PWM_ConfigTimer
                0x000000000000020c       0x52 gcc/pwm.o
                0x000000000000020c                PWM_ConfigTimer
 *fill*         0x000000000000025e        0x2 
 .text.PWM_ConfigOutputPin
                0x0000000000000260      0x120 gcc/pwm.o
 .text.PWM_ConfigChannel
                0x0000000000000380      0x128 gcc/pwm.o
                0x0000000000000380                PWM_ConfigChannel
 .text.PWM_Init
                0x00000000000004a8       0xd0 gcc/pwm.o
                0x00000000000004a8                PWM_Init
 .text.buffer_init
                0x0000000000000578       0x38 gcc/buffer.o
                0x0000000000000578                buffer_init
 .text.buffer_deinit
                0x00000000000005b0       0x2a gcc/buffer.o
                0x00000000000005b0                buffer_deinit
 .text.buffer_insert
                0x00000000000005da       0x5e gcc/buffer.o
                0x00000000000005da                buffer_insert
 .text.buffer_remove
                0x0000000000000638       0x56 gcc/buffer.o
                0x0000000000000638                buffer_remove
 *fill*         0x000000000000068e        0x2 
 .text.GetProdRev
                0x0000000000000690       0x18 gcc/system_efm32gg.o
 .text.SystemCoreClockGet
                0x00000000000006a8       0x34 gcc/system_efm32gg.o
                0x00000000000006a8                SystemCoreClockGet
 .text.SystemHFClockGet
                0x00000000000006dc      0x118 gcc/system_efm32gg.o
                0x00000000000006dc                SystemHFClockGet
 .text.SystemInit
                0x00000000000007f4        0xc gcc/system_efm32gg.o
                0x00000000000007f4                SystemInit
 .text.SystemCoreClockUpdate
                0x0000000000000800        0xc gcc/clock_efm32gg2.o
 .text.GetProdRev
                0x000000000000080c       0x18 gcc/clock_efm32gg2.o
 .text.nearestpower2exp
                0x0000000000000824       0x6c gcc/clock_efm32gg2.o
 .text.ClockRegisterCallback
                0x0000000000000890       0xc0 gcc/clock_efm32gg2.o
                0x0000000000000890                ClockRegisterCallback
 .text.ClockProcessPreChange
                0x0000000000000950       0x6c gcc/clock_efm32gg2.o
                0x0000000000000950                ClockProcessPreChange
 .text.ClockProcessPostChange
                0x00000000000009bc       0x6c gcc/clock_efm32gg2.o
                0x00000000000009bc                ClockProcessPostChange
 .text.ClockSetCoreClock
                0x0000000000000a28      0x300 gcc/clock_efm32gg2.o
                0x0000000000000a28                ClockSetCoreClock
 .text.ClockGetConfiguration
                0x0000000000000d28      0x1c4 gcc/clock_efm32gg2.o
                0x0000000000000d28                ClockGetConfiguration
 .text.ClockConfigureSystemForClockFrequency
                0x0000000000000eec       0x98 gcc/clock_efm32gg2.o
                0x0000000000000eec                ClockConfigureSystemForClockFrequency
 .text.ClockGetPeripheralClockFrequency
                0x0000000000000f84       0x18 gcc/clock_efm32gg2.o
                0x0000000000000f84                ClockGetPeripheralClockFrequency
 .text.__NVIC_SetPriority
                0x0000000000000f9c       0x54 gcc/main.o
 .text.SysTick_Config
                0x0000000000000ff0       0x44 gcc/main.o
 .text.choose_genre
                0x0000000000001034       0x3c gcc/main.o
                0x0000000000001034                choose_genre
 .text.SysTick_Handler
                0x0000000000001070       0x2c gcc/main.o
                0x0000000000001070                SysTick_Handler
 .text.buttoncallback
                0x000000000000109c       0x48 gcc/main.o
                0x000000000000109c                buttoncallback
 .text.config_ios
                0x00000000000010e4       0x4c gcc/main.o
                0x00000000000010e4                config_ios
 .text.main     0x0000000000001130       0x70 gcc/main.o
                0x0000000000001130                main
 .text.__NVIC_EnableIRQ
                0x00000000000011a0       0x38 gcc/button.o
 .text.__NVIC_ClearPendingIRQ
                0x00000000000011d8       0x3c gcc/button.o
 .text.__NVIC_SetPriority
                0x0000000000001214       0x54 gcc/button.o
 .text.GPIO_EVEN_IRQHandler
                0x0000000000001268       0x84 gcc/button.o
                0x0000000000001268                GPIO_EVEN_IRQHandler
 .text.GPIO_ODD_IRQHandler
                0x00000000000012ec       0x84 gcc/button.o
                0x00000000000012ec                GPIO_ODD_IRQHandler
 .text.Button_Init
                0x0000000000001370      0x160 gcc/button.o
                0x0000000000001370                Button_Init
 .text.Button_ReadReleased
                0x00000000000014d0       0x3c gcc/button.o
                0x00000000000014d0                Button_ReadReleased
 .text.Button_SetCallback
                0x000000000000150c       0x1c gcc/button.o
                0x000000000000150c                Button_SetCallback
 .text.Reset_Handler
                0x0000000000001528       0x4c gcc/startup_efm32gg.o
                0x0000000000001528                Reset_Handler
 .text.Default_Handler
                0x0000000000001574        0x6 gcc/startup_efm32gg.o
                0x0000000000001574                TIMER2_IRQHandler
                0x0000000000001574                DebugMon_Handler
                0x0000000000001574                USART0_TX_IRQHandler
                0x0000000000001574                I2C0_IRQHandler
                0x0000000000001574                HardFault_Handler
                0x0000000000001574                LEUART1_IRQHandler
                0x0000000000001574                USART1_RX_IRQHandler
                0x0000000000001574                PendSV_Handler
                0x0000000000001574                NMI_Handler
                0x0000000000001574                I2C1_IRQHandler
                0x0000000000001574                TIMER3_IRQHandler
                0x0000000000001574                USART1_TX_IRQHandler
                0x0000000000001574                MSC_IRQHandler
                0x0000000000001574                UsageFault_Handler
                0x0000000000001574                LEUART0_IRQHandler
                0x0000000000001574                RTC_IRQHandler
                0x0000000000001574                TIMER0_IRQHandler
                0x0000000000001574                LCD_IRQHandler
                0x0000000000001574                PCNT2_IRQHandler
                0x0000000000001574                LETIMER0_IRQHandler
                0x0000000000001574                TIMER1_IRQHandler
                0x0000000000001574                USART2_RX_IRQHandler
                0x0000000000001574                Default_Handler
                0x0000000000001574                EMU_IRQHandler
                0x0000000000001574                PCNT0_IRQHandler
                0x0000000000001574                USB_IRQHandler
                0x0000000000001574                BURTC_IRQHandler
                0x0000000000001574                PCNT1_IRQHandler
                0x0000000000001574                ACMP0_IRQHandler
                0x0000000000001574                USART0_RX_IRQHandler
                0x0000000000001574                MemManage_Handler
                0x0000000000001574                SVC_Handler
                0x0000000000001574                DAC0_IRQHandler
                0x0000000000001574                CMU_IRQHandler
                0x0000000000001574                EBI_IRQHandler
                0x0000000000001574                LESENSE_IRQHandler
                0x0000000000001574                AES_IRQHandler
                0x0000000000001574                VCMP_IRQHandler
                0x0000000000001574                DMA_IRQHandler
                0x0000000000001574                BusFault_Handler
                0x0000000000001574                USART2_TX_IRQHandler
 *fill*         0x000000000000157a        0x2 
 .text.SetLFAClock
                0x000000000000157c      0x1c0 gcc/lcd.o
                0x000000000000157c                SetLFAClock
 .text.LCD_SetClock
                0x000000000000173c       0x64 gcc/lcd.o
                0x000000000000173c                LCD_SetClock
 .text.LCD_Init
                0x00000000000017a0       0x1a gcc/lcd.o
                0x00000000000017a0                LCD_Init
 *fill*         0x00000000000017ba        0x2 
 .text.LCD_Config
                0x00000000000017bc      0x12c gcc/lcd.o
                0x00000000000017bc                LCD_Config
 .text.LCD_WriteChar
                0x00000000000018e8      0x248 gcc/lcd.o
                0x00000000000018e8                LCD_WriteChar
 .text.LCD_WriteAlphanumericDisplay
                0x0000000000001b30       0x4e gcc/lcd.o
                0x0000000000001b30                LCD_WriteAlphanumericDisplay
 *fill*         0x0000000000001b7e        0x2 
 .text.LCD_ClearAll
                0x0000000000001b80       0x60 gcc/lcd.o
                0x0000000000001b80                LCD_ClearAll
 .text.LCD_SetAll
                0x0000000000001be0       0x64 gcc/lcd.o
                0x0000000000001be0                LCD_SetAll
 .text.ln2      0x0000000000001c44       0x32 gcc/lcd.o
 *fill*         0x0000000000001c76        0x2 
 .text.LCD_SetVoltage
                0x0000000000001c78       0xbc gcc/lcd.o
                0x0000000000001c78                LCD_SetVoltage
 .text.LCD_SetContrast
                0x0000000000001d34       0x48 gcc/lcd.o
                0x0000000000001d34                LCD_SetContrast
 .text.LED_Init
                0x0000000000001d7c       0x7c gcc/led.o
                0x0000000000001d7c                LED_Init
 .text.LED_Off  0x0000000000001df8       0x24 gcc/led.o
                0x0000000000001df8                LED_Off
 .text.LED_Toggle
                0x0000000000001e1c       0x24 gcc/led.o
                0x0000000000001e1c                LED_Toggle
 .text.__NVIC_EnableIRQ
                0x0000000000001e40       0x38 gcc/uart2.o
 .text.__NVIC_ClearPendingIRQ
                0x0000000000001e78       0x3c gcc/uart2.o
 .text.__NVIC_SetPriority
                0x0000000000001eb4       0x54 gcc/uart2.o
 .text.UART_SetBaudrate
                0x0000000000001f08       0x34 gcc/uart2.o
                0x0000000000001f08                UART_SetBaudrate
 .text.UART_TurnOff
                0x0000000000001f3c       0x18 gcc/uart2.o
 .text.UART_TurnOn
                0x0000000000001f54       0x18 gcc/uart2.o
 .text.UART0_Prepare
                0x0000000000001f6c       0x1c gcc/uart2.o
 .text.UART1_Prepare
                0x0000000000001f88       0x1c gcc/uart2.o
 .text.UART0_Reconfigure
                0x0000000000001fa4       0x28 gcc/uart2.o
 .text.UART1_Reconfigure
                0x0000000000001fcc       0x28 gcc/uart2.o
 .text.UART_Reset
                0x0000000000001ff4       0xa8 gcc/uart2.o
 .text.UART_Init
                0x000000000000209c      0x28c gcc/uart2.o
                0x000000000000209c                UART_Init
 .text.UART0_RX_IRQHandler
                0x0000000000002328       0x38 gcc/uart2.o
                0x0000000000002328                UART0_RX_IRQHandler
 .text.UART1_RX_IRQHandler
                0x0000000000002360       0x38 gcc/uart2.o
                0x0000000000002360                UART1_RX_IRQHandler
 .text.UART0_TX_IRQHandler
                0x0000000000002398       0x54 gcc/uart2.o
                0x0000000000002398                UART0_TX_IRQHandler
 .text.UART1_TX_IRQHandler
                0x00000000000023ec       0x54 gcc/uart2.o
                0x00000000000023ec                UART1_TX_IRQHandler
 .text.SerialInit
                0x0000000000002440       0x1c gcc/syscalls.o
 .text._main    0x000000000000245c        0xe gcc/syscalls.o
                0x000000000000245c                _main
 .text.ADC0_IRQHandler
                0x000000000000246a        0xc gcc/adc.o
                0x000000000000246a                ADC0_IRQHandler
 *fill*         0x0000000000002476        0x2 
 .text          0x0000000000002478       0xa0 /usr/lib/gcc/arm-none-eabi/9.2.1/../../../arm-none-eabi/lib/thumb/v7-m/nofp/libg_nano.a(lib_a-memset.o)
                0x0000000000002478                memset
 *(.init)
 *(.fini)
 *crtbegin.o(.ctors)
 *crtbegin?.o(.ctors)
 *(EXCLUDE_FILE(*crtend.o *crtend?.o) .ctors)
 *(SORT_BY_NAME(.ctors.*))
 *(.ctors)
 *crtbegin.o(.dtors)
 *crtbegin?.o(.dtors)
 *(EXCLUDE_FILE(*crtend.o *crtend?.o) .dtors)
 *(SORT_BY_NAME(.dtors.*))
 *(.dtors)
 *(.rodata*)
 .rodata.timerpins
                0x0000000000002518       0xb4 gcc/pwm.o
 .rodata.ientable.5790
                0x00000000000025cc        0xc gcc/pwm.o
 .rodata.pinenable.5796
                0x00000000000025d8        0xc gcc/pwm.o
 .rodata        0x00000000000025e4        0xc gcc/main.o
 .rodata.segments14forchar
                0x00000000000025f0       0xc0 gcc/lcd.o
 .rodata.segments7forchar
                0x00000000000026b0       0x60 gcc/lcd.o
 .rodata.tablcd
                0x0000000000002710      0x1c2 gcc/lcd.o
 *fill*         0x00000000000028d2        0x2 
 .rodata.seg_encoding
                0x00000000000028d4       0xa0 gcc/lcd.o
 .rodata.com_encoding
                0x0000000000002974        0x8 gcc/lcd.o
 .rodata.tablcdclear
                0x000000000000297c      0x3c0 gcc/lcd.o
 .rodata.segdatalow
                0x0000000000002d3c       0x20 gcc/lcd.o
                0x0000000000002d3c                segdatalow
 .rodata.segdatahigh
                0x0000000000002d5c       0x20 gcc/lcd.o
                0x0000000000002d5c                segdatahigh
 *(.eh_frame*)

.glue_7         0x0000000000002d7c        0x0
 .glue_7        0x0000000000002d7c        0x0 linker stubs

.glue_7t        0x0000000000002d7c        0x0
 .glue_7t       0x0000000000002d7c        0x0 linker stubs

.vfp11_veneer   0x0000000000002d7c        0x0
 .vfp11_veneer  0x0000000000002d7c        0x0 linker stubs

.v4_bx          0x0000000000002d7c        0x0
 .v4_bx         0x0000000000002d7c        0x0 linker stubs

.iplt           0x0000000000002d7c        0x0
 .iplt          0x0000000000002d7c        0x0 gcc/pwm.o

.rel.dyn        0x0000000000002d7c        0x0
 .rel.iplt      0x0000000000002d7c        0x0 gcc/pwm.o

.ARM.extab
 *(.ARM.extab* .gnu.linkonce.armextab.*)
                0x0000000000002d7c                __exidx_start = .

.ARM.exidx
 *(.ARM.exidx* .gnu.linkonce.armexidx.*)
                0x0000000000002d7c                __exidx_end = .
                0x0000000000002d7c                __etext = .

.data           0x0000000020000000       0x3c load address 0x0000000000002d7c
                0x0000000020000000                __data_start__ = .
 *(vtable)
 *(.data*)
 .data.timerlist
                0x0000000020000000       0x14 gcc/pwm.o
 .data.timerenabletable.5743
                0x0000000020000014       0x10 gcc/pwm.o
 .data.SystemHFXOClock
                0x0000000020000024        0x4 gcc/system_efm32gg.o
 .data.SystemLFXOClock
                0x0000000020000028        0x4 gcc/system_efm32gg.o
 .data.SystemCoreClock
                0x000000002000002c        0x4 gcc/system_efm32gg.o
                0x000000002000002c                SystemCoreClock
 .data.genres   0x0000000020000030        0x8 gcc/main.o
 .data.len_genres
                0x0000000020000038        0x2 gcc/main.o
                0x000000002000003c                . = ALIGN (0x4)
 *fill*         0x000000002000003a        0x2 
 *(.ram)
                0x000000002000003c                . = ALIGN (0x4)
                [!provide]                        PROVIDE (__preinit_array_start = .)
 *(.preinit_array)
                [!provide]                        PROVIDE (__preinit_array_end = .)
                0x000000002000003c                . = ALIGN (0x4)
                [!provide]                        PROVIDE (__init_array_start = .)
 *(SORT_BY_NAME(.init_array.*))
 *(.init_array)
                [!provide]                        PROVIDE (__init_array_end = .)
                0x000000002000003c                . = ALIGN (0x4)
                [!provide]                        PROVIDE (__fini_array_start = .)
 *(SORT_BY_NAME(.fini_array.*))
 *(.fini_array)
                [!provide]                        PROVIDE (__fini_array_end = .)
 *(.jcr*)
                0x000000002000003c                . = ALIGN (0x4)
                0x000000002000003c                __data_end__ = .

.igot.plt       0x000000002000003c        0x0 load address 0x0000000000002db8
 .igot.plt      0x000000002000003c        0x0 gcc/pwm.o

.bss            0x000000002000003c      0x278 load address 0x0000000000002db8
                0x000000002000003c                . = ALIGN (0x4)
                0x000000002000003c                __bss_start__ = .
 *(.bss*)
 .bss.timer_initialized
                0x000000002000003c        0x1 gcc/pwm.o
 .bss.channel_initialized
                0x000000002000003d        0x1 gcc/pwm.o
 *fill*         0x000000002000003e        0x2 
 .bss.callbacks
                0x0000000020000040       0x78 gcc/clock_efm32gg2.o
 .bss.current_genre
                0x00000000200000b8        0x2 gcc/main.o
 *fill*         0x00000000200000ba        0x2 
 .bss.counter.7308
                0x00000000200000bc        0x4 gcc/main.o
 .bss.lastread  0x00000000200000c0        0x4 gcc/button.o
 .bss.newestread
                0x00000000200000c4        0x4 gcc/button.o
 .bss.inputpins
                0x00000000200000c8        0x4 gcc/button.o
 .bss.callback  0x00000000200000cc        0x4 gcc/button.o
 .bss.lcdclock_set
                0x00000000200000d0        0x1 gcc/lcd.o
 *fill*         0x00000000200000d1        0x3 
 .bss.ibuff0    0x00000000200000d4        0x4 gcc/uart2.o
                0x00000000200000d4                ibuff0
 .bss.obuff0    0x00000000200000d8        0x4 gcc/uart2.o
                0x00000000200000d8                obuff0
 .bss.ibuff1    0x00000000200000dc        0x4 gcc/uart2.o
                0x00000000200000dc                ibuff1
 .bss.obuff1    0x00000000200000e0        0x4 gcc/uart2.o
                0x00000000200000e0                obuff1
 *(COMMON)
 COMMON         0x00000000200000e4      0x1d0 gcc/uart2.o
                0x00000000200000e4                ibuffarea0
                0x0000000020000158                obuffarea0
                0x00000000200001cc                ibuffarea1
                0x0000000020000240                obuffarea1
                0x00000000200002b4                . = ALIGN (0x4)
                0x00000000200002b4                __bss_end__ = .

.heap           0x00000000200002b8      0xc00
                0x00000000200002b8                . = ALIGN (0x4)
                0x00000000200002b8                __HeapBase = .
                0x00000000200002b8                __end__ = .
                0x00000000200002b8                end = __end__
                0x00000000200002b8                _end = __end__
 *(.heap*)
 .heap          0x00000000200002b8      0xc00 gcc/startup_efm32gg.o
                0x0000000020001eb8                __HeapLimit = (. + HEAPSIZE)

.stack_dummy    0x0000000020000eb8      0x400
 *(.stack*)
 .stack         0x0000000020000eb8      0x400 gcc/startup_efm32gg.o
                0x0000000020020000                __StackTop = (ORIGIN (RAM) + LENGTH (RAM))
                0x000000002001fc00                __StackLimit = (__StackTop - SIZEOF (.stack_dummy))
                [!provide]                        PROVIDE (__stack = __StackTop)
                0x0000000000000001                ASSERT ((__StackLimit >= __HeapLimit), region RAM overflowed with stack)
                0x0000000000000001                ASSERT ((LENGTH (FLASH) >= (__etext + SIZEOF (.data))), FLASH memory overflowed !)
OUTPUT(gcc/pwm1.axf elf32-littlearm)
LOAD linker stubs

.debug_info     0x0000000000000000     0x8b59
 .debug_info    0x0000000000000000      0xc4f gcc/pwm.o
 .debug_info    0x0000000000000c4f      0x1a8 gcc/buffer.o
 .debug_info    0x0000000000000df7      0x50a gcc/system_efm32gg.o
 .debug_info    0x0000000000001301      0xacf gcc/clock_efm32gg2.o
 .debug_info    0x0000000000001dd0     0x112c gcc/main.o
 .debug_info    0x0000000000002efc      0xac3 gcc/button.o
 .debug_info    0x00000000000039bf      0x1c9 gcc/startup_efm32gg.o
 .debug_info    0x0000000000003b88      0xe22 gcc/lcd.o
 .debug_info    0x00000000000049aa      0x52c gcc/led.o
 .debug_info    0x0000000000004ed6     0x10ab gcc/uart2.o
 .debug_info    0x0000000000005f81     0x13cb gcc/syscalls.o
 .debug_info    0x000000000000734c      0x8ec gcc/adc.o
 .debug_info    0x0000000000007c38      0xf21 /usr/lib/gcc/arm-none-eabi/9.2.1/../../../arm-none-eabi/lib/thumb/v7-m/nofp/libg_nano.a(lib_a-memset.o)

.debug_abbrev   0x0000000000000000     0x1aba
 .debug_abbrev  0x0000000000000000      0x24c gcc/pwm.o
 .debug_abbrev  0x000000000000024c       0xd7 gcc/buffer.o
 .debug_abbrev  0x0000000000000323      0x198 gcc/system_efm32gg.o
 .debug_abbrev  0x00000000000004bb      0x233 gcc/clock_efm32gg2.o
 .debug_abbrev  0x00000000000006ee      0x303 gcc/main.o
 .debug_abbrev  0x00000000000009f1      0x272 gcc/button.o
 .debug_abbrev  0x0000000000000c63       0xfb gcc/startup_efm32gg.o
 .debug_abbrev  0x0000000000000d5e      0x203 gcc/lcd.o
 .debug_abbrev  0x0000000000000f61      0x153 gcc/led.o
 .debug_abbrev  0x00000000000010b4      0x31c gcc/uart2.o
 .debug_abbrev  0x00000000000013d0      0x335 gcc/syscalls.o
 .debug_abbrev  0x0000000000001705      0x1dc gcc/adc.o
 .debug_abbrev  0x00000000000018e1      0x1d9 /usr/lib/gcc/arm-none-eabi/9.2.1/../../../arm-none-eabi/lib/thumb/v7-m/nofp/libg_nano.a(lib_a-memset.o)

.debug_aranges  0x0000000000000000      0x5c8
 .debug_aranges
                0x0000000000000000       0x70 gcc/pwm.o
 .debug_aranges
                0x0000000000000070       0x40 gcc/buffer.o
 .debug_aranges
                0x00000000000000b0       0x70 gcc/system_efm32gg.o
 .debug_aranges
                0x0000000000000120       0x88 gcc/clock_efm32gg2.o
 .debug_aranges
                0x00000000000001a8       0x50 gcc/main.o
 .debug_aranges
                0x00000000000001f8       0x70 gcc/button.o
 .debug_aranges
                0x0000000000000268       0x38 gcc/startup_efm32gg.o
 .debug_aranges
                0x00000000000002a0       0xb0 gcc/lcd.o
 .debug_aranges
                0x0000000000000350       0x40 gcc/led.o
 .debug_aranges
                0x0000000000000390       0xe0 gcc/uart2.o
 .debug_aranges
                0x0000000000000470       0xe8 gcc/syscalls.o
 .debug_aranges
                0x0000000000000558       0x50 gcc/adc.o
 .debug_aranges
                0x00000000000005a8       0x20 /usr/lib/gcc/arm-none-eabi/9.2.1/../../../arm-none-eabi/lib/thumb/v7-m/nofp/libg_nano.a(lib_a-memset.o)

.debug_ranges   0x0000000000000000      0x4e8
 .debug_ranges  0x0000000000000000       0x60 gcc/pwm.o
 .debug_ranges  0x0000000000000060       0x30 gcc/buffer.o
 .debug_ranges  0x0000000000000090       0x60 gcc/system_efm32gg.o
 .debug_ranges  0x00000000000000f0       0x78 gcc/clock_efm32gg2.o
 .debug_ranges  0x0000000000000168       0x40 gcc/main.o
 .debug_ranges  0x00000000000001a8       0x60 gcc/button.o
 .debug_ranges  0x0000000000000208       0x28 gcc/startup_efm32gg.o
 .debug_ranges  0x0000000000000230       0xa0 gcc/lcd.o
 .debug_ranges  0x00000000000002d0       0x30 gcc/led.o
 .debug_ranges  0x0000000000000300       0xd0 gcc/uart2.o
 .debug_ranges  0x00000000000003d0       0xd8 gcc/syscalls.o
 .debug_ranges  0x00000000000004a8       0x40 gcc/adc.o

.debug_line     0x0000000000000000     0x3517
 .debug_line    0x0000000000000000      0x410 gcc/pwm.o
 .debug_line    0x0000000000000410      0x12b gcc/buffer.o
 .debug_line    0x000000000000053b      0x2b5 gcc/system_efm32gg.o
 .debug_line    0x00000000000007f0      0x82b gcc/clock_efm32gg2.o
 .debug_line    0x000000000000101b      0x2ea gcc/main.o
 .debug_line    0x0000000000001305      0x389 gcc/button.o
 .debug_line    0x000000000000168e       0xef gcc/startup_efm32gg.o
 .debug_line    0x000000000000177d      0x8f6 gcc/lcd.o
 .debug_line    0x0000000000002073      0x1bd gcc/led.o
 .debug_line    0x0000000000002230      0x786 gcc/uart2.o
 .debug_line    0x00000000000029b6      0x55e gcc/syscalls.o
 .debug_line    0x0000000000002f14      0x398 gcc/adc.o
 .debug_line    0x00000000000032ac      0x26b /usr/lib/gcc/arm-none-eabi/9.2.1/../../../arm-none-eabi/lib/thumb/v7-m/nofp/libg_nano.a(lib_a-memset.o)

.debug_str      0x0000000000000000     0x240b
 .debug_str     0x0000000000000000      0x687 gcc/pwm.o
                                        0x6ee (size before relaxing)
 .debug_str     0x0000000000000687       0x70 gcc/buffer.o
                                        0x18b (size before relaxing)
 .debug_str     0x00000000000006f7      0x179 gcc/system_efm32gg.o
                                        0x45d (size before relaxing)
 .debug_str     0x0000000000000870      0x3b6 gcc/clock_efm32gg2.o
                                        0x730 (size before relaxing)
 .debug_str     0x0000000000000c26      0x74e gcc/main.o
                                        0xaf1 (size before relaxing)
 .debug_str     0x0000000000001374       0xff gcc/button.o
                                        0x77e (size before relaxing)
 .debug_str     0x0000000000001473       0xa1 gcc/startup_efm32gg.o
                                        0x240 (size before relaxing)
 .debug_str     0x0000000000001514      0x493 gcc/lcd.o
                                        0x778 (size before relaxing)
 .debug_str     0x00000000000019a7       0x38 gcc/led.o
                                        0x399 (size before relaxing)
 .debug_str     0x00000000000019df      0x26e gcc/uart2.o
                                        0x952 (size before relaxing)
 .debug_str     0x0000000000001c4d      0x279 gcc/syscalls.o
                                        0x97f (size before relaxing)
 .debug_str     0x0000000000001ec6      0x1a7 gcc/adc.o
                                        0x5be (size before relaxing)
 .debug_str     0x000000000000206d      0x39e /usr/lib/gcc/arm-none-eabi/9.2.1/../../../arm-none-eabi/lib/thumb/v7-m/nofp/libg_nano.a(lib_a-memset.o)
                                        0x907 (size before relaxing)

.comment        0x0000000000000000       0xa7
 .comment       0x0000000000000000       0x59 gcc/pwm.o
                                         0x5a (size before relaxing)
 .comment       0x0000000000000059       0x5a gcc/buffer.o
 .comment       0x0000000000000059       0x5a gcc/system_efm32gg.o
 .comment       0x0000000000000059       0x5a gcc/clock_efm32gg2.o
 .comment       0x0000000000000059       0x5a gcc/main.o
 .comment       0x0000000000000059       0x5a gcc/button.o
 .comment       0x0000000000000059       0x5a gcc/startup_efm32gg.o
 .comment       0x0000000000000059       0x5a gcc/lcd.o
 .comment       0x0000000000000059       0x5a gcc/led.o
 .comment       0x0000000000000059       0x5a gcc/uart2.o
 .comment       0x0000000000000059       0x5a gcc/syscalls.o
 .comment       0x0000000000000059       0x5a gcc/adc.o
 .comment       0x0000000000000059       0x4e /usr/lib/gcc/arm-none-eabi/9.2.1/../../../arm-none-eabi/lib/thumb/v7-m/nofp/libg_nano.a(lib_a-memset.o)
                                         0x4f (size before relaxing)

.ARM.attributes
                0x0000000000000000       0x2d
 .ARM.attributes
                0x0000000000000000       0x2d gcc/pwm.o
 .ARM.attributes
                0x000000000000002d       0x2d gcc/buffer.o
 .ARM.attributes
                0x000000000000005a       0x2d gcc/system_efm32gg.o
 .ARM.attributes
                0x0000000000000087       0x2d gcc/clock_efm32gg2.o
 .ARM.attributes
                0x00000000000000b4       0x2d gcc/main.o
 .ARM.attributes
                0x00000000000000e1       0x2d gcc/button.o
 .ARM.attributes
                0x000000000000010e       0x2d gcc/startup_efm32gg.o
 .ARM.attributes
                0x000000000000013b       0x2d gcc/lcd.o
 .ARM.attributes
                0x0000000000000168       0x2d gcc/led.o
 .ARM.attributes
                0x0000000000000195       0x2d gcc/uart2.o
 .ARM.attributes
                0x00000000000001c2       0x2d gcc/syscalls.o
 .ARM.attributes
                0x00000000000001ef       0x2d gcc/adc.o
 .ARM.attributes
                0x000000000000021c       0x2d /usr/lib/gcc/arm-none-eabi/9.2.1/../../../arm-none-eabi/lib/thumb/v7-m/nofp/libg_nano.a(lib_a-memset.o)

.debug_frame    0x0000000000000000     0x15c8
 .debug_frame   0x0000000000000000      0x1b4 gcc/pwm.o
 .debug_frame   0x00000000000001b4       0xd8 gcc/buffer.o
 .debug_frame   0x000000000000028c      0x180 gcc/system_efm32gg.o
 .debug_frame   0x000000000000040c      0x20c gcc/clock_efm32gg2.o
 .debug_frame   0x0000000000000618       0xfc gcc/main.o
 .debug_frame   0x0000000000000714      0x1b4 gcc/button.o
 .debug_frame   0x00000000000008c8       0x78 gcc/startup_efm32gg.o
 .debug_frame   0x0000000000000940      0x2d8 gcc/lcd.o
 .debug_frame   0x0000000000000c18       0xd4 gcc/led.o
 .debug_frame   0x0000000000000cec      0x3bc gcc/uart2.o
 .debug_frame   0x00000000000010a8      0x3d0 gcc/syscalls.o
 .debug_frame   0x0000000000001478      0x118 gcc/adc.o
 .debug_frame   0x0000000000001590       0x38 /usr/lib/gcc/arm-none-eabi/9.2.1/../../../arm-none-eabi/lib/thumb/v7-m/nofp/libg_nano.a(lib_a-memset.o)

.debug_loc      0x0000000000000000      0x231
 .debug_loc     0x0000000000000000      0x231 /usr/lib/gcc/arm-none-eabi/9.2.1/../../../arm-none-eabi/lib/thumb/v7-m/nofp/libg_nano.a(lib_a-memset.o)
