syscalls.c:61:20:SerialInit	16	static
syscalls.c:62:20:SerialWrite	16	static
syscalls.c:63:20:SerialRead	16	static
syscalls.c:65:20:SerialFlush	16	static
syscalls.c:89:5:tty_write	40	static
syscalls.c:112:5:tty_read_un	32	static
syscalls.c:131:5:tty_read_lb	32	static
syscalls.c:168:6:_main	8	static
syscalls.c:179:6:_exit	16	static
syscalls.c:188:5:_close	16	static
syscalls.c:209:5:_execve	24	static
syscalls.c:221:5:_fork	4	static
syscalls.c:235:5:_fstat	16	static
syscalls.c:247:5:_getpid	4	static
syscalls.c:259:5:_isatty	16	static
syscalls.c:268:5:_kill	16	static
syscalls.c:279:5:_link	16	static
syscalls.c:290:5:_lseek	24	static
syscalls.c:300:5:_open	24	static
syscalls.c:310:5:_read	24	static
syscalls.c:326:9:_sbrk	24	static
syscalls.c:351:5:_stat	16	static
syscalls.c:362:5:_times	16	static
syscalls.c:372:5:_unlink	16	static
syscalls.c:383:5:_wait	16	static
syscalls.c:400:5:_write	24	static
