core_cm3.h:1508:22:__NVIC_EnableIRQ	16	static
core_cm3.h:1599:22:__NVIC_ClearPendingIRQ	16	static
core_cm3.h:1638:22:__NVIC_SetPriority	16	static
uart2.c:93:6:UART_SetBaudrate	24	static
uart2.c:108:20:UART_TurnOff	16	static
uart2.c:118:20:UART_TurnOn	16	static
uart2.c:127:13:UART0_Prepare	16	static
uart2.c:137:13:UART1_Prepare	16	static
uart2.c:147:13:UART0_Reconfigure	16	static
uart2.c:158:13:UART1_Reconfigure	16	static
uart2.c:168:13:UART_Reset	16	static
uart2.c:209:6:UART_Init	16	static
uart2.c:342:6:UART0_RX_IRQHandler	16	static
uart2.c:361:6:UART1_RX_IRQHandler	16	static
uart2.c:380:6:UART0_TX_IRQHandler	16	static
uart2.c:404:6:UART1_TX_IRQHandler	16	static
uart2.c:427:10:UART_GetStatus	24	static
uart2.c:440:6:UART_SendChar	16	static
uart2.c:476:6:UART_SendString	16	static
uart2.c:488:10:UART_GetCharNoWait	24	static
uart2.c:520:10:UART_GetChar	24	static
uart2.c:549:6:UART_EnableInterrupts	16	static
uart2.c:560:6:UART_DisableInterrupts	16	static
uart2.c:573:6:UART_PutCharPolling	16	static
uart2.c:587:5:UART_Flush	24	static
